// Jest Snapshot v1, https://goo.gl/fbAQLP

exports[`doctor sorting should return an array of sorted doctors 1`] = `
Array [
  Object {
    "name": "Sela Hallgarth",
    "practices": Array [
      Object {
        "address": "840 Charing Cross Road",
        "distance": 87.23447647267251,
        "point": Object {
          "lat": 37.4110966,
          "long": -122.0181762,
        },
      },
      Object {
        "address": "61437 Vermont Drive",
        "distance": 890.1863384936842,
        "point": Object {
          "lat": 39.7170046,
          "long": -104.9408931,
        },
      },
      Object {
        "address": "8006 Hanover Way",
        "distance": 5827.05867457971,
        "point": Object {
          "lat": 49.9318266,
          "long": 17.2717728,
        },
      },
      Object {
        "address": "6971 Alpine Point",
        "distance": 7149.046049195433,
        "point": Object {
          "lat": "35.12751",
          "long": "36.21444",
        },
      },
    ],
  },
  Object {
    "name": "Hedi Keighly",
    "practices": Array [
      Object {
        "address": "06776 Dakota Drive",
        "distance": 487.35351079862784,
        "point": Object {
          "lat": 45.616422,
          "long": -122.5804528,
        },
      },
      Object {
        "address": "4833 Vahlen Drive",
        "distance": 5947.316227881645,
        "point": Object {
          "lat": 49.8180882,
          "long": 22.4761571,
        },
      },
      Object {
        "address": "4193 Lindbergh Drive",
        "distance": 6064.314690283874,
        "point": Object {
          "lat": 53.621506,
          "long": 55.910876,
        },
      },
      Object {
        "address": "20615 Duke Street",
        "distance": 6241.957392483853,
        "point": Object {
          "lat": -14.2252203,
          "long": -42.7734292,
        },
      },
      Object {
        "address": "6 Fulton Plaza",
        "distance": 6433.33077833544,
        "point": Object {
          "lat": 28.2279,
          "long": 118.036796,
        },
      },
    ],
  },
  Object {
    "name": "Veronique Mays",
    "practices": Array [
      Object {
        "address": "28268 Waxwing Junction",
        "distance": 487.35351079862784,
        "point": Object {
          "lat": 45.616422,
          "long": -122.5804528,
        },
      },
      Object {
        "address": "5672 Hermina Trail",
        "distance": 2728.720907423637,
        "point": Object {
          "lat": "52.78345",
          "long": "-67.08204",
        },
      },
      Object {
        "address": "648 Dixon Avenue",
        "distance": 2958.8208280543954,
        "point": Object {
          "lat": 46.215926,
          "long": -63.0886099,
        },
      },
      Object {
        "address": "82 Mayfield Hill",
        "distance": 5059.345268660337,
        "point": Object {
          "lat": 63.8205484,
          "long": 20.3036711,
        },
      },
    ],
  },
  Object {
    "name": "Trever Kachel",
    "practices": Array [
      Object {
        "address": "82557 Blaine Place",
        "distance": 566.3670394322177,
        "point": Object {
          "lat": 32.28786,
          "long": -115.1046436,
        },
      },
      Object {
        "address": "04 Dayton Park",
        "distance": 6974.478809360868,
        "point": Object {
          "lat": 14.6927846,
          "long": 121.1100951,
        },
      },
      Object {
        "address": "858 Spohn Alley",
        "distance": 7000.1380254008545,
        "point": Object {
          "lat": 14.347522,
          "long": 120.9245309,
        },
      },
    ],
  },
  Object {
    "name": "Gweneth Alderwick",
    "practices": Array [
      Object {
        "address": "905 Alpine Circle",
        "distance": 975.8654928219898,
        "point": Object {
          "lat": 31.6903638,
          "long": -106.4245478,
        },
      },
      Object {
        "address": "50 Larry Road",
        "distance": 4452.007989802411,
        "point": Object {
          "lat": -10.05,
          "long": -76.166667,
        },
      },
      Object {
        "address": "03831 Corry Terrace",
        "distance": 5868.63098849691,
        "point": Object {
          "lat": 48.9933836,
          "long": 16.6802413,
        },
      },
      Object {
        "address": "95525 Pearson Road",
        "distance": 6654.924661641912,
        "point": Object {
          "lat": 26.097158,
          "long": 115.308246,
        },
      },
      Object {
        "address": "9214 Harbort Parkway",
        "distance": 7909.060521079511,
        "point": Object {
          "lat": 13.7785321,
          "long": 100.681544,
        },
      },
    ],
  },
  Object {
    "name": "Hedy Lucian",
    "practices": Array [
      Object {
        "address": "1549 Utah Way",
        "distance": 1149.0461650530708,
        "point": Object {
          "lat": 33.5915355,
          "long": -101.8482479,
        },
      },
      Object {
        "address": "34 Harbort Terrace",
        "distance": 5578.6332645664925,
        "point": Object {
          "lat": 38.8053198,
          "long": -9.353007,
        },
      },
      Object {
        "address": "18 Brentwood Lane",
        "distance": 5953.359717327344,
        "point": Object {
          "lat": 47.0505635,
          "long": 15.4828066,
        },
      },
      Object {
        "address": "93602 Mallory Trail",
        "distance": 6277.954216837061,
        "point": Object {
          "lat": 47.6938287,
          "long": 33.3173912,
        },
      },
      Object {
        "address": "347 Forest Run Center",
        "distance": 6929.923159002923,
        "point": Object {
          "lat": 22.2304314,
          "long": 113.5411611,
        },
      },
    ],
  },
  Object {
    "name": "Nathan Lowde",
    "practices": Array [
      Object {
        "address": "24 Morrow Circle",
        "distance": 1166.914852368114,
        "point": Object {
          "lat": 31.8840886,
          "long": -102.4953899,
        },
      },
      Object {
        "address": "5488 Dennis Way",
        "distance": 8726.370392474219,
        "point": Object {
          "lat": -4.1383821,
          "long": 103.9724141,
        },
      },
    ],
  },
  Object {
    "name": "Steward Pavlata",
    "practices": Array [
      Object {
        "address": "7 Erie Court",
        "distance": 1328.0404188415937,
        "point": Object {
          "lat": 40.8247318,
          "long": -96.6157192,
        },
      },
      Object {
        "address": "3276 Aberg Junction",
        "distance": 7489.618670771053,
        "point": Object {
          "lat": 32.7014728,
          "long": 51.1559259,
        },
      },
    ],
  },
  Object {
    "name": "Mahala Whyberd",
    "practices": Array [
      Object {
        "address": "5 Meadow Vale Circle",
        "distance": 1401.318508657857,
        "point": Object {
          "lat": 32.93,
          "long": -97.44,
        },
      },
      Object {
        "address": "1 Browning Circle",
        "distance": 6072.037438218395,
        "point": Object {
          "lat": -36.42615,
          "long": -71.9708343,
        },
      },
      Object {
        "address": "45235 Warrior Parkway",
        "distance": 6238.408619069449,
        "point": Object {
          "lat": 30.6297222,
          "long": 119.8255556,
        },
      },
      Object {
        "address": "0056 Sunnyside Park",
        "distance": 6931.609127177752,
        "point": Object {
          "lat": 13.5201065,
          "long": 123.1985807,
        },
      },
    ],
  },
  Object {
    "name": "Diandra Quincey",
    "practices": Array [
      Object {
        "address": "91 La Follette Center",
        "distance": 1425.976674516326,
        "point": Object {
          "lat": 49.8634627,
          "long": -97.1373403,
        },
      },
      Object {
        "address": "73 Pennsylvania Parkway",
        "distance": 2769.251953984375,
        "point": Object {
          "lat": 12.5450478,
          "long": -87.1659731,
        },
      },
      Object {
        "address": "5 Warbler Trail",
        "distance": 7071.985795314854,
        "point": Object {
          "lat": 13.0748879,
          "long": 120.7213113,
        },
      },
      Object {
        "address": "66190 Merchant Way",
        "distance": 7109.75576798771,
        "point": Object {
          "lat": 9.8566537,
          "long": 123.1426191,
        },
      },
    ],
  },
  Object {
    "name": "Eba Haycraft",
    "practices": Array [
      Object {
        "address": "43 Hanson Junction",
        "distance": 1518.378461709131,
        "point": Object {
          "lat": 44.9688472,
          "long": -93.1315648,
        },
      },
      Object {
        "address": "61741 Jenifer Junction",
        "distance": 6956.26585049046,
        "point": Object {
          "lat": 15.3098074,
          "long": 120.8551691,
        },
      },
      Object {
        "address": "3 Canary Center",
        "distance": 7071.133078917372,
        "point": Object {
          "lat": 25.784135,
          "long": 104.953062,
        },
      },
    ],
  },
  Object {
    "name": "Carlynn Frayling",
    "practices": Array [
      Object {
        "address": "4472 Sherman Plaza",
        "distance": 1574.30752852339,
        "point": Object {
          "lat": 20.6589523,
          "long": -105.2363025,
        },
      },
      Object {
        "address": "5434 Spohn Court",
        "distance": 5566.046839815663,
        "point": Object {
          "lat": 39.6211427,
          "long": 125.6638035,
        },
      },
      Object {
        "address": "17 Aberg Avenue",
        "distance": 5861.468654144915,
        "point": Object {
          "lat": 50.0436913,
          "long": 19.0921373,
        },
      },
      Object {
        "address": "82 Kings Circle",
        "distance": 6030.652358614827,
        "point": Object {
          "lat": 53.9256842,
          "long": 51.2577545,
        },
      },
    ],
  },
  Object {
    "name": "Lanie Cess",
    "practices": Array [
      Object {
        "address": "27717 Jenna Lane",
        "distance": 1683.195399235865,
        "point": Object {
          "lat": 38.63,
          "long": -90.19,
        },
      },
      Object {
        "address": "9424 La Follette Drive",
        "distance": 4864.9978757295,
        "point": Object {
          "lat": 67.1664476,
          "long": 20.6504797,
        },
      },
      Object {
        "address": "3 Oakridge Place",
        "distance": 5144.511227837471,
        "point": Object {
          "lat": 36.7904088,
          "long": 138.7920847,
        },
      },
      Object {
        "address": "31480 Wayridge Crossing",
        "distance": 5761.560560060071,
        "point": Object {
          "lat": 40.210071,
          "long": 119.710719,
        },
      },
      Object {
        "address": "8360 Charing Cross Junction",
        "distance": 8728.05988463663,
        "point": Object {
          "lat": -6.8264662,
          "long": 106.6400362,
        },
      },
    ],
  },
  Object {
    "name": "Kaitlyn Glancey",
    "practices": Array [
      Object {
        "address": "21282 Rockefeller Plaza",
        "distance": 1872.9505491101097,
        "point": Object {
          "lat": 19.602311,
          "long": -99.1732936,
        },
      },
      Object {
        "address": "50759 Sherman Plaza",
        "distance": 6504.851219213367,
        "point": Object {
          "lat": 39.646905,
          "long": 97.130625,
        },
      },
      Object {
        "address": "023 Debra Trail",
        "distance": 6704.557738999556,
        "point": Object {
          "lat": 37.9838096,
          "long": 23.7275388,
        },
      },
      Object {
        "address": "85 Susan Hill",
        "distance": 7445.146953421103,
        "point": Object {
          "lat": 18.6983445,
          "long": 105.5239912,
        },
      },
      Object {
        "address": "81 Shopko Circle",
        "distance": 9414.59273424408,
        "point": Object {
          "lat": -5.387502,
          "long": 26.9911288,
        },
      },
    ],
  },
  Object {
    "name": "Vincenty Todd",
    "practices": Array [
      Object {
        "address": "184 Jana Alley",
        "distance": 1885.6861553142082,
        "point": Object {
          "lat": 19.3803931,
          "long": -99.1476908,
        },
      },
      Object {
        "address": "1 Moland Trail",
        "distance": 6046.391972568717,
        "point": Object {
          "lat": 51.6553959,
          "long": 35.2572553,
        },
      },
      Object {
        "address": "3 Sullivan Avenue",
        "distance": 8471.931428341673,
        "point": Object {
          "lat": -6.7140331,
          "long": 111.6295545,
        },
      },
    ],
  },
  Object {
    "name": "Deanne Devigne",
    "practices": Array [
      Object {
        "address": "407 Burrows Junction",
        "distance": 1890.0840477249176,
        "point": Object {
          "lat": 19.268942,
          "long": -99.1825465,
        },
      },
      Object {
        "address": "09084 Becker Center",
        "distance": 6698.020320035371,
        "point": Object {
          "lat": 27.465141,
          "long": 112.424933,
        },
      },
    ],
  },
  Object {
    "name": "Seth MacLese",
    "practices": Array [
      Object {
        "address": "6460 Northport Plaza",
        "distance": 2282.8649184789488,
        "point": Object {
          "lat": 16.7620996,
          "long": -93.1560055,
        },
      },
      Object {
        "address": "5099 Ridge Oak Junction",
        "distance": 5833.145536320126,
        "point": Object {
          "lat": 37.464539,
          "long": 121.447852,
        },
      },
      Object {
        "address": "606 Barby Trail",
        "distance": 6312.600550268749,
        "point": Object {
          "lat": 33.580873,
          "long": 114.016536,
        },
      },
    ],
  },
  Object {
    "name": "Pierson Ewer",
    "practices": Array [
      Object {
        "address": "539 Green Ridge Hill",
        "distance": 2421.8922811161283,
        "point": Object {
          "lat": 16.9633521,
          "long": -89.9262925,
        },
      },
      Object {
        "address": "783 Tennessee Avenue",
        "distance": 5490.282292785589,
        "point": Object {
          "lat": 41.4956796,
          "long": -8.3620667,
        },
      },
      Object {
        "address": "580 Bartillon Alley",
        "distance": 5913.685639720361,
        "point": Object {
          "lat": 43.704612,
          "long": 7.261933,
        },
      },
      Object {
        "address": "6891 Annamark Parkway",
        "distance": 7023.498086900222,
        "point": Object {
          "lat": "13.9129",
          "long": "120.88006",
        },
      },
      Object {
        "address": "96627 Redwing Street",
        "distance": 7796.654585755003,
        "point": Object {
          "lat": 27.9972231,
          "long": 67.9616412,
        },
      },
    ],
  },
  Object {
    "name": "Mattie Poacher",
    "practices": Array [
      Object {
        "address": "8619 Jenna Avenue",
        "distance": 2479.0072122805564,
        "point": Object {
          "lat": 45.5257774,
          "long": -73.3436918,
        },
      },
      Object {
        "address": "166 Sheridan Center",
        "distance": 6564.1490221823815,
        "point": Object {
          "lat": 25.109249,
          "long": 118.698572,
        },
      },
      Object {
        "address": "90811 American Park",
        "distance": 7221.8881510962565,
        "point": Object {
          "lat": 22.6194565,
          "long": 105.6705801,
        },
      },
      Object {
        "address": "4934 Melby Junction",
        "distance": 7422.9002777276455,
        "point": Object {
          "lat": 32.4322509,
          "long": 74.5809328,
        },
      },
    ],
  },
  Object {
    "name": "Baldwin Borer",
    "practices": Array [
      Object {
        "address": "0429 Florence Trail",
        "distance": 2499.428817101525,
        "point": Object {
          "lat": 40.5944059,
          "long": -74.0711359,
        },
      },
      Object {
        "address": "8446 Sunbrook Alley",
        "distance": 5418.671466401182,
        "point": Object {
          "lat": 59.4310564,
          "long": 26.2664249,
        },
      },
      Object {
        "address": "6 Farmco Avenue",
        "distance": 5557.169243488128,
        "point": Object {
          "lat": 39.3317538,
          "long": -9.2699232,
        },
      },
      Object {
        "address": "28588 Havey Lane",
        "distance": 5661.809386270499,
        "point": Object {
          "lat": -24.1973637,
          "long": -65.2994788,
        },
      },
    ],
  },
  Object {
    "name": "West Lydon",
    "practices": Array [
      Object {
        "address": "7566 Logan Pass",
        "distance": 2558.707154984636,
        "point": Object {
          "lat": 21.8788609,
          "long": -82.8101975,
        },
      },
      Object {
        "address": "26 Hallows Plaza",
        "distance": 6882.898238685047,
        "point": Object {
          "lat": 22.719257,
          "long": 114.055261,
        },
      },
      Object {
        "address": "3758 Northwestern Court",
        "distance": 7877.543531614283,
        "point": Object {
          "lat": 14.4980456,
          "long": 100.4424658,
        },
      },
    ],
  },
  Object {
    "name": "Carmine Levitt",
    "practices": Array [
      Object {
        "address": "52 Hayes Road",
        "distance": 2624.19250525482,
        "point": Object {
          "lat": 14.2376109,
          "long": -88.4670322,
        },
      },
      Object {
        "address": "6265 Hudson Hill",
        "distance": 6140.738694606961,
        "point": Object {
          "lat": 37.697794,
          "long": 112.708224,
        },
      },
      Object {
        "address": "8 Claremont Hill",
        "distance": 7168.246376101028,
        "point": Object {
          "lat": 7.1220009,
          "long": 124.5600318,
        },
      },
      Object {
        "address": "2 Dottie Circle",
        "distance": 7265.116560437928,
        "point": Object {
          "lat": 23.36225,
          "long": 103.374576,
        },
      },
    ],
  },
  Object {
    "name": "Reube Licciardello",
    "practices": Array [
      Object {
        "address": "66538 Gateway Parkway",
        "distance": 2708.878120141753,
        "point": Object {
          "lat": 22.5064672,
          "long": -79.4760133,
        },
      },
      Object {
        "address": "1164 Rieder Way",
        "distance": 6488.297209006075,
        "point": Object {
          "lat": -23.749953,
          "long": -46.39769,
        },
      },
      Object {
        "address": "14209 Onsgard Junction",
        "distance": 6603.550876322123,
        "point": Object {
          "lat": 33.5041035,
          "long": 11.0881494,
        },
      },
      Object {
        "address": "5427 Helena Plaza",
        "distance": 8077.563411620827,
        "point": Object {
          "lat": -3.45,
          "long": 116.39,
        },
      },
    ],
  },
  Object {
    "name": "Opaline Vany",
    "practices": Array [
      Object {
        "address": "0805 Eastwood Terrace",
        "distance": 2860.5969059528375,
        "point": Object {
          "lat": 11.7565106,
          "long": -86.0504111,
        },
      },
      Object {
        "address": "2285 Anhalt Parkway",
        "distance": 5151.422084902422,
        "point": Object {
          "lat": 44.087585,
          "long": 131.122915,
        },
      },
      Object {
        "address": "58425 Morrow Drive",
        "distance": 6072.113248611002,
        "point": Object {
          "lat": 37.870792,
          "long": 114.406305,
        },
      },
      Object {
        "address": "575 Crest Line Point",
        "distance": 6263.978776201677,
        "point": Object {
          "lat": 29.144064,
          "long": 121.006595,
        },
      },
      Object {
        "address": "9 Sachs Crossing",
        "distance": 6372.690498806815,
        "point": Object {
          "lat": -8.817615,
          "long": -35.7625241,
        },
      },
    ],
  },
  Object {
    "name": "Fairlie Whate",
    "practices": Array [
      Object {
        "address": "31738 Longview Way",
        "distance": 3282.984802201814,
        "point": Object {
          "lat": "47.09995",
          "long": "-55.76504",
        },
      },
      Object {
        "address": "3 Rieder Drive",
        "distance": 7424.945403859015,
        "point": Object {
          "lat": 27.5002269,
          "long": 90.5080634,
        },
      },
    ],
  },
  Object {
    "name": "Krystyna Slidders",
    "practices": Array [
      Object {
        "address": "9 Veith Junction",
        "distance": 3324.11713866959,
        "point": Object {
          "lat": 18.2051988,
          "long": -71.0924706,
        },
      },
      Object {
        "address": "7 3rd Center",
        "distance": 5891.045510916344,
        "point": Object {
          "lat": 49.5458457,
          "long": 19.0802389,
        },
      },
      Object {
        "address": "4005 Mesta Court",
        "distance": 6078.627448916571,
        "point": Object {
          "lat": 48.5304917,
          "long": 25.0412055,
        },
      },
      Object {
        "address": "155 Meadow Ridge Circle",
        "distance": 6370.210921546094,
        "point": Object {
          "lat": 27.786996,
          "long": 120.091498,
        },
      },
      Object {
        "address": "145 Bayside Trail",
        "distance": 7093.7209611565995,
        "point": Object {
          "lat": 9.9567542,
          "long": 123.3709704,
        },
      },
    ],
  },
  Object {
    "name": "Viviyan Batstone",
    "practices": Array [
      Object {
        "address": "14807 Meadow Vale Parkway",
        "distance": 3411.400555986102,
        "point": Object {
          "lat": 18.7597777,
          "long": -69.0362184,
        },
      },
      Object {
        "address": "5 Laurel Alley",
        "distance": 5515.301048137581,
        "point": Object {
          "lat": 40.9050121,
          "long": -8.437181,
        },
      },
      Object {
        "address": "55 Warner Terrace",
        "distance": 6124.366433273611,
        "point": Object {
          "lat": 34.810487,
          "long": 117.323725,
        },
      },
      Object {
        "address": "97 Upham Trail",
        "distance": 6928.0769581742525,
        "point": Object {
          "lat": 40.1014047,
          "long": 44.3906123,
        },
      },
      Object {
        "address": "938 Jenna Plaza",
        "distance": 8390.648144651084,
        "point": Object {
          "lat": "-7.6476",
          "long": "114.0461",
        },
      },
    ],
  },
  Object {
    "name": "Jacinta McKea",
    "practices": Array [
      Object {
        "address": "4 Lakewood Alley",
        "distance": 3505.413763220948,
        "point": Object {
          "lat": 8.8105088,
          "long": -75.632447,
        },
      },
      Object {
        "address": "4325 Grasskamp Street",
        "distance": 4209.434680892481,
        "point": Object {
          "lat": -7.9551186,
          "long": -79.2394761,
        },
      },
      Object {
        "address": "2821 Nelson Junction",
        "distance": 5700.596748799754,
        "point": Object {
          "lat": 45.521519,
          "long": 3.5276642,
        },
      },
    ],
  },
  Object {
    "name": "Bobbye Toffts",
    "practices": Array [
      Object {
        "address": "2 Park Meadow Parkway",
        "distance": 3822.9942418668743,
        "point": Object {
          "lat": -0.1806532,
          "long": -78.4678382,
        },
      },
      Object {
        "address": "1 Ruskin Court",
        "distance": 5737.281366422586,
        "point": Object {
          "lat": 50.8290137,
          "long": 15.6741931,
        },
      },
      Object {
        "address": "8120 Heffernan Center",
        "distance": 7281.833649940965,
        "point": Object {
          "lat": "32.99941",
          "long": "35.81084",
        },
      },
    ],
  },
  Object {
    "name": "Shellysheldon Lambotin",
    "practices": Array [
      Object {
        "address": "8233 5th Avenue",
        "distance": 3869.227053954318,
        "point": Object {
          "lat": 1.6408734,
          "long": -75.4111644,
        },
      },
      Object {
        "address": "05693 Superior Road",
        "distance": 3892.7399531731094,
        "point": Object {
          "lat": 10.4597466,
          "long": -66.5581092,
        },
      },
      Object {
        "address": "08 Buena Vista Point",
        "distance": 5896.481758787242,
        "point": Object {
          "lat": 32.8285457,
          "long": -8.5116903,
        },
      },
      Object {
        "address": "584 Oneill Alley",
        "distance": 6212.603632027274,
        "point": Object {
          "lat": 29.756501,
          "long": 121.507191,
        },
      },
      Object {
        "address": "3140 Cascade Point",
        "distance": 8661.60410862278,
        "point": Object {
          "lat": -7.034968,
          "long": 108.1725154,
        },
      },
    ],
  },
  Object {
    "name": "Milka Keoghan",
    "practices": Array [
      Object {
        "address": "8515 Loomis Pass",
        "distance": 4483.073381291539,
        "point": Object {
          "lat": -10.6823922,
          "long": -76.2482052,
        },
      },
      Object {
        "address": "87439 Swallow Junction",
        "distance": 5871.06509873637,
        "point": Object {
          "lat": 56.4428126,
          "long": 59.129251,
        },
      },
      Object {
        "address": "6653 Anzinger Avenue",
        "distance": 7101.89089761493,
        "point": Object {
          "lat": 8.5328493,
          "long": 124.5621837,
        },
      },
      Object {
        "address": "201 Acker Way",
        "distance": 7199.724678749571,
        "point": Object {
          "lat": 14.0246473,
          "long": -0.0233208,
        },
      },
    ],
  },
  Object {
    "name": "Vivi Godbolt",
    "practices": Array [
      Object {
        "address": "5263 Derek Plaza",
        "distance": 4651.337087785212,
        "point": Object {
          "lat": -13.6808577,
          "long": -76.1580852,
        },
      },
      Object {
        "address": "53947 Warbler Drive",
        "distance": 5771.124547798714,
        "point": Object {
          "lat": 50.5774075,
          "long": 16.4967184,
        },
      },
      Object {
        "address": "1 Artisan Terrace",
        "distance": 8038.463239114226,
        "point": Object {
          "lat": 12.0554892,
          "long": 99.855247,
        },
      },
      Object {
        "address": "7 Esch Road",
        "distance": 8683.010870123297,
        "point": Object {
          "lat": -6.1604549,
          "long": 106.9054618,
        },
      },
    ],
  },
  Object {
    "name": "Allianora Peplow",
    "practices": Array [
      Object {
        "address": "53016 Waubesa Hill",
        "distance": 4956.213222078709,
        "point": Object {
          "lat": 66.322631,
          "long": 23.67353,
        },
      },
      Object {
        "address": "6 Novick Crossing",
        "distance": 8097.190904938585,
        "point": Object {
          "lat": -8.614365,
          "long": 120.466499,
        },
      },
      Object {
        "address": "42 Golden Leaf Pass",
        "distance": 8375.477230571021,
        "point": Object {
          "lat": -8.3262486,
          "long": 114.9279547,
        },
      },
    ],
  },
  Object {
    "name": "Ervin Gobell",
    "practices": Array [
      Object {
        "address": "2726 Forest Dale Crossing",
        "distance": 4981.91978275814,
        "point": Object {
          "lat": 38.5779674,
          "long": 140.8225484,
        },
      },
      Object {
        "address": "54423 Delaware Road",
        "distance": 5734.082469643707,
        "point": Object {
          "lat": 50.1527227,
          "long": 13.9004377,
        },
      },
    ],
  },
  Object {
    "name": "Ingar Karpmann",
    "practices": Array [
      Object {
        "address": "06547 Swallow Way",
        "distance": 5091.761003095805,
        "point": Object {
          "lat": 62.6418615,
          "long": 17.9836819,
        },
      },
      Object {
        "address": "4544 Blaine Way",
        "distance": 6074.36704468576,
        "point": Object {
          "lat": -31.3350093,
          "long": -64.2951643,
        },
      },
      Object {
        "address": "290 Leroy Point",
        "distance": 6984.333996238543,
        "point": Object {
          "lat": 14.570924,
          "long": 121.0276584,
        },
      },
      Object {
        "address": "48268 Mcbride Hill",
        "distance": 8479.611457253257,
        "point": Object {
          "lat": -6.7659245,
          "long": 111.5259628,
        },
      },
    ],
  },
  Object {
    "name": "Jobey Mellmer",
    "practices": Array [
      Object {
        "address": "820 Hudson Junction",
        "distance": 5114.030568701145,
        "point": Object {
          "lat": -17.543301,
          "long": -70.017471,
        },
      },
      Object {
        "address": "30908 Warbler Point",
        "distance": 8170.652633381685,
        "point": Object {
          "lat": "-10.1774",
          "long": "120.3595",
        },
      },
      Object {
        "address": "59 Toban Circle",
        "distance": 8262.119441031426,
        "point": Object {
          "lat": -0.2467982,
          "long": 109.6163185,
        },
      },
    ],
  },
  Object {
    "name": "Jacquenetta Mirrlees",
    "practices": Array [
      Object {
        "address": "53792 Di Loreto Court",
        "distance": 5161.289905305197,
        "point": Object {
          "lat": 46.880102,
          "long": 127.507824,
        },
      },
      Object {
        "address": "92 Ohio Trail",
        "distance": 6134.987248446388,
        "point": Object {
          "lat": 36.639033,
          "long": 114.462061,
        },
      },
      Object {
        "address": "6076 Holy Cross Park",
        "distance": 6473.152368586896,
        "point": Object {
          "lat": 44.435508,
          "long": 84.678548,
        },
      },
    ],
  },
  Object {
    "name": "Grove Kirkman",
    "practices": Array [
      Object {
        "address": "42724 Westend Place",
        "distance": 5170.945740939887,
        "point": Object {
          "lat": 60.4783655,
          "long": 15.3710047,
        },
      },
      Object {
        "address": "97389 Talmadge Center",
        "distance": 5627.600315288466,
        "point": Object {
          "lat": 53.5733796,
          "long": 18.0101779,
        },
      },
      Object {
        "address": "0 Mesta Place",
        "distance": 7095.406264777942,
        "point": Object {
          "lat": 8.4864751,
          "long": 124.7352102,
        },
      },
    ],
  },
  Object {
    "name": "Pamelina Kinzel",
    "practices": Array [
      Object {
        "address": "1204 Little Fleur Street",
        "distance": 5245.336233609671,
        "point": Object {
          "lat": "47.55728",
          "long": "124.21591",
        },
      },
      Object {
        "address": "76 Coleman Plaza",
        "distance": 5849.064909317268,
        "point": Object {
          "lat": 55.1970692,
          "long": 38.3579129,
        },
      },
      Object {
        "address": "0 American Way",
        "distance": 5871.653359427709,
        "point": Object {
          "lat": 55.6027928,
          "long": 43.763221,
        },
      },
    ],
  },
  Object {
    "name": "Ashia Hufton",
    "practices": Array [
      Object {
        "address": "9 Mitchell Way",
        "distance": 5253.8865797462995,
        "point": Object {
          "lat": 58.2730218,
          "long": 13.1994008,
        },
      },
      Object {
        "address": "93 Namekagon Street",
        "distance": 5525.657257051016,
        "point": Object {
          "lat": 37.5247192,
          "long": 129.1142915,
        },
      },
      Object {
        "address": "46068 Brentwood Park",
        "distance": 8414.995884697491,
        "point": Object {
          "lat": -7.9199459,
          "long": 113.8138552,
        },
      },
      Object {
        "address": "08597 Jenifer Hill",
        "distance": 8417.48907281025,
        "point": Object {
          "lat": -8.0090935,
          "long": 113.8436013,
        },
      },
    ],
  },
  Object {
    "name": "Antonella Triggs",
    "practices": Array [
      Object {
        "address": "09 Lawn Street",
        "distance": 5346.198248012417,
        "point": Object {
          "lat": 63.1511606,
          "long": 75.3266219,
        },
      },
      Object {
        "address": "5308 Southridge Parkway",
        "distance": 5611.843416038732,
        "point": Object {
          "lat": 38.9882422,
          "long": -8.2871878,
        },
      },
      Object {
        "address": "36541 Farwell Junction",
        "distance": 6616.336034647763,
        "point": Object {
          "lat": 34.799642,
          "long": 103.202869,
        },
      },
      Object {
        "address": "828 Burrows Trail",
        "distance": 7216.970925204389,
        "point": Object {
          "lat": 19.535141,
          "long": 110.0608725,
        },
      },
      Object {
        "address": "6 Spohn Trail",
        "distance": 7467.831948092421,
        "point": Object {
          "lat": 27.481873,
          "long": 88.907258,
        },
      },
    ],
  },
  Object {
    "name": "Zedekiah Stinson",
    "practices": Array [
      Object {
        "address": "782 Dorton Hill",
        "distance": 5351.142343002459,
        "point": Object {
          "lat": 44.026332,
          "long": 125.88298,
        },
      },
      Object {
        "address": "0323 Dwight Center",
        "distance": 5561.605288047409,
        "point": Object {
          "lat": 49.7514502,
          "long": 6.4641645,
        },
      },
      Object {
        "address": "7737 Mcbride Avenue",
        "distance": 5791.261935974638,
        "point": Object {
          "lat": 51.7774845,
          "long": 20.6971747,
        },
      },
      Object {
        "address": "982 Dennis Drive",
        "distance": 6939.610809979443,
        "point": Object {
          "lat": 7.554461,
          "long": -11.693428,
        },
      },
      Object {
        "address": "071 American Ash Crossing",
        "distance": 8548.049865445826,
        "point": Object {
          "lat": 3.6286693,
          "long": 98.8693609,
        },
      },
    ],
  },
  Object {
    "name": "Keith Stallon",
    "practices": Array [
      Object {
        "address": "24497 Rutledge Street",
        "distance": 5358.590619483986,
        "point": Object {
          "lat": -1.677582,
          "long": -48.9605972,
        },
      },
      Object {
        "address": "646 Esch Terrace",
        "distance": 6902.987244336572,
        "point": Object {
          "lat": 15.7967076,
          "long": 121.4816411,
        },
      },
    ],
  },
  Object {
    "name": "Anne-corinne Andrez",
    "practices": Array [
      Object {
        "address": "776 Acker Pass",
        "distance": 5368.271005109307,
        "point": Object {
          "lat": 56.6444907,
          "long": 14.224297,
        },
      },
      Object {
        "address": "87 Clarendon Drive",
        "distance": 6631.181300411254,
        "point": Object {
          "lat": 31.411847,
          "long": 108.472893,
        },
      },
      Object {
        "address": "8 Maywood Park",
        "distance": 7156.2112353472085,
        "point": Object {
          "lat": 29.943539,
          "long": 94.799435,
        },
      },
      Object {
        "address": "8321 Sugar Center",
        "distance": 8525.003435358865,
        "point": Object {
          "lat": -8.0568365,
          "long": 111.8002195,
        },
      },
    ],
  },
  Object {
    "name": "Emmye McMeanma",
    "practices": Array [
      Object {
        "address": "70 Golf Pass",
        "distance": 5382.791948658579,
        "point": Object {
          "lat": 51.9998397,
          "long": 4.3399875,
        },
      },
      Object {
        "address": "4700 Westport Lane",
        "distance": 11179.32962886524,
        "point": Object {
          "lat": -20.3761919,
          "long": 57.5660161,
        },
      },
    ],
  },
  Object {
    "name": "Rudolf McLurg",
    "practices": Array [
      Object {
        "address": "48117 Messerschmidt Trail",
        "distance": 5425.448659057383,
        "point": Object {
          "lat": 47.9434065,
          "long": -1.235807,
        },
      },
      Object {
        "address": "9 Hoffman Way",
        "distance": 5703.491272920371,
        "point": Object {
          "lat": 51.9034509,
          "long": 16.955476,
        },
      },
      Object {
        "address": "98 Anzinger Lane",
        "distance": 6917.789798274831,
        "point": Object {
          "lat": 13.2317498,
          "long": 123.7702587,
        },
      },
      Object {
        "address": "41512 Marquette Court",
        "distance": 7876.873837480354,
        "point": Object {
          "lat": -8.3162857,
          "long": 124.3654402,
        },
      },
      Object {
        "address": "46338 Calypso Center",
        "distance": 11169.499903566026,
        "point": Object {
          "lat": -20.227929,
          "long": 57.741701,
        },
      },
    ],
  },
  Object {
    "name": "Kermit London",
    "practices": Array [
      Object {
        "address": "4 Harper Way",
        "distance": 5502.3647356773345,
        "point": Object {
          "lat": 41.2267295,
          "long": -8.378101,
        },
      },
      Object {
        "address": "9 Milwaukee Court",
        "distance": 5879.1876673490715,
        "point": Object {
          "lat": 49.2176397,
          "long": 17.6970599,
        },
      },
      Object {
        "address": "0 Havey Pass",
        "distance": 5994.132380255818,
        "point": Object {
          "lat": 46.3919813,
          "long": 15.5727869,
        },
      },
      Object {
        "address": "1979 Service Road",
        "distance": 6981.936090306492,
        "point": Object {
          "lat": 14.6002303,
          "long": 121.0480673,
        },
      },
    ],
  },
  Object {
    "name": "Michael Gossage",
    "practices": Array [
      Object {
        "address": "998 Esch Drive",
        "distance": 5552.545300283253,
        "point": Object {
          "lat": 41.486981,
          "long": 123.685142,
        },
      },
      Object {
        "address": "5 Lien Circle",
        "distance": 5847.925098586681,
        "point": Object {
          "lat": 41.468342,
          "long": 115.437602,
        },
      },
      Object {
        "address": "9320 Old Gate Avenue",
        "distance": 6226.447484005896,
        "point": Object {
          "lat": 51.1749425,
          "long": 53.0211497,
        },
      },
      Object {
        "address": "2 Vidon Place",
        "distance": 8649.402249602783,
        "point": Object {
          "lat": -7.0379245,
          "long": 108.4187029,
        },
      },
      Object {
        "address": "2147 Scoville Junction",
        "distance": 8650.85904943115,
        "point": Object {
          "lat": -7.066667,
          "long": 108.416667,
        },
      },
    ],
  },
  Object {
    "name": "Florie Dominguez",
    "practices": Array [
      Object {
        "address": "0 Trailsway Lane",
        "distance": 5577.212233714281,
        "point": Object {
          "lat": 38.8478071,
          "long": -9.3384289,
        },
      },
      Object {
        "address": "269 Killdeer Point",
        "distance": 8010.503773214533,
        "point": Object {
          "lat": -8.6436289,
          "long": 122.1235054,
        },
      },
      Object {
        "address": "63 Nelson Road",
        "distance": 8508.953065928972,
        "point": Object {
          "lat": -7.5450262,
          "long": 111.6556388,
        },
      },
      Object {
        "address": "892 International Parkway",
        "distance": 8542.118974845622,
        "point": Object {
          "lat": 4.3378413,
          "long": 98.0717968,
        },
      },
    ],
  },
  Object {
    "name": "Gisele Clemmitt",
    "practices": Array [
      Object {
        "address": "69978 Hansons Junction",
        "distance": 5577.794777240923,
        "point": Object {
          "lat": 52.53255,
          "long": 103.8923786,
        },
      },
      Object {
        "address": "41804 Erie Avenue",
        "distance": 5923.207604907312,
        "point": Object {
          "lat": 36.776357,
          "long": 119.98842,
        },
      },
      Object {
        "address": "731 Harper Crossing",
        "distance": 6486.975876581576,
        "point": Object {
          "lat": 45.8585463,
          "long": 39.6551933,
        },
      },
      Object {
        "address": "0 Texas Road",
        "distance": 6729.890997675974,
        "point": Object {
          "lat": 24.094765,
          "long": 116.00509,
        },
      },
      Object {
        "address": "4 Paget Center",
        "distance": 7794.177683466108,
        "point": Object {
          "lat": 6.7518524,
          "long": 4.8779969,
        },
      },
    ],
  },
  Object {
    "name": "Edd Grieg",
    "practices": Array [
      Object {
        "address": "891 Arkansas Lane",
        "distance": 5586.906222426565,
        "point": Object {
          "lat": 52.5121401,
          "long": 13.414046,
        },
      },
      Object {
        "address": "030 Warbler Trail",
        "distance": 7233.244197199479,
        "point": Object {
          "lat": 22.2724243,
          "long": 105.8804085,
        },
      },
    ],
  },
  Object {
    "name": "Phillis D'Costa",
    "practices": Array [
      Object {
        "address": "6 Shelley Place",
        "distance": 5606.151307815353,
        "point": Object {
          "lat": 49.2088164,
          "long": 7.0075837,
        },
      },
      Object {
        "address": "6 Nevada Point",
        "distance": 6017.362664386763,
        "point": Object {
          "lat": -16.4078661,
          "long": -49.1828385,
        },
      },
      Object {
        "address": "49 Lunder Hill",
        "distance": 6870.301575957242,
        "point": Object {
          "lat": "41.37222",
          "long": "69.38167",
        },
      },
      Object {
        "address": "94 Sunnyside Center",
        "distance": 7781.949171118192,
        "point": Object {
          "lat": 25.0676256,
          "long": 34.8789697,
        },
      },
    ],
  },
  Object {
    "name": "Craggy Croyden",
    "practices": Array [
      Object {
        "address": "4 Summerview Court",
        "distance": 5637.078698210477,
        "point": Object {
          "lat": 53.996769,
          "long": 19.698964,
        },
      },
      Object {
        "address": "2494 Kingsford Terrace",
        "distance": 6063.5912824920315,
        "point": Object {
          "lat": 33.7841996,
          "long": 120.2343758,
        },
      },
      Object {
        "address": "1 Hagan Plaza",
        "distance": 6984.449592722335,
        "point": Object {
          "lat": 14.5724895,
          "long": 121.023592,
        },
      },
      Object {
        "address": "9 Continental Road",
        "distance": 8518.30007317639,
        "point": Object {
          "lat": -8.0474747,
          "long": 111.9224398,
        },
      },
    ],
  },
  Object {
    "name": "Boniface Cestard",
    "practices": Array [
      Object {
        "address": "156 Schiller Junction",
        "distance": 5675.528919316281,
        "point": Object {
          "lat": 44.2171148,
          "long": 0.6352163,
        },
      },
      Object {
        "address": "8207 Oneill Circle",
        "distance": 5699.374067297774,
        "point": Object {
          "lat": -25.1042007,
          "long": -65.5381671,
        },
      },
      Object {
        "address": "5854 Hanson Pass",
        "distance": 5872.988314241079,
        "point": Object {
          "lat": 49.6197452,
          "long": 18.4728742,
        },
      },
      Object {
        "address": "19939 Caliangt Lane",
        "distance": 5954.688574952739,
        "point": Object {
          "lat": 46.7803082,
          "long": 14.9136917,
        },
      },
      Object {
        "address": "9 Jay Lane",
        "distance": 6575.109360679767,
        "point": Object {
          "lat": 35.892944,
          "long": 14.476536,
        },
      },
    ],
  },
  Object {
    "name": "Codie McCullum",
    "practices": Array [
      Object {
        "address": "8142 Leroy Circle",
        "distance": 5681.496575968499,
        "point": Object {
          "lat": -6.8370422,
          "long": -47.2142417,
        },
      },
      Object {
        "address": "21735 Ridge Oak Parkway",
        "distance": 6411.219646841162,
        "point": Object {
          "lat": "47",
          "long": "77.26667",
        },
      },
      Object {
        "address": "596 Homewood Alley",
        "distance": 6900.24427405641,
        "point": Object {
          "lat": 23.0664459,
          "long": 113.1964636,
        },
      },
    ],
  },
  Object {
    "name": "Cynthy Bouskill",
    "practices": Array [
      Object {
        "address": "55448 Lakewood Hill",
        "distance": 5698.0948526825605,
        "point": Object {
          "lat": 51.0031913,
          "long": 14.4423662,
        },
      },
      Object {
        "address": "3053 Everett Trail",
        "distance": 5772.328890622609,
        "point": Object {
          "lat": 57.8352611,
          "long": 61.6978774,
        },
      },
      Object {
        "address": "04 Blackbird Place",
        "distance": 7266.935282487059,
        "point": Object {
          "lat": 14.6489525,
          "long": 2.1450245,
        },
      },
      Object {
        "address": "1533 Haas Drive",
        "distance": 8143.723968818929,
        "point": Object {
          "lat": "-10.0396",
          "long": "120.754",
        },
      },
    ],
  },
  Object {
    "name": "Harlin Chesshyre",
    "practices": Array [
      Object {
        "address": "23 Graedel Crossing",
        "distance": 5709.817329184084,
        "point": Object {
          "lat": 49.3107516,
          "long": 105.9224212,
        },
      },
      Object {
        "address": "6298 Milwaukee Court",
        "distance": 5938.302746806437,
        "point": Object {
          "lat": 49.7863419,
          "long": 21.9461429,
        },
      },
      Object {
        "address": "0193 Evergreen Plaza",
        "distance": 5992.226999692696,
        "point": Object {
          "lat": 46.4415095,
          "long": 15.6118498,
        },
      },
      Object {
        "address": "2 Sauthoff Avenue",
        "distance": 6707.471985350721,
        "point": Object {
          "lat": 23.72513,
          "long": 116.986622,
        },
      },
      Object {
        "address": "45 Lakeland Way",
        "distance": 7247.544109899179,
        "point": Object {
          "lat": 23.012915,
          "long": 104.394157,
        },
      },
    ],
  },
  Object {
    "name": "Leonie Handmore",
    "practices": Array [
      Object {
        "address": "55 Memorial Way",
        "distance": 5712.896256358016,
        "point": Object {
          "lat": 50.3396453,
          "long": 13.4748408,
        },
      },
    ],
  },
  Object {
    "name": "Lucien Sainsbury-Brown",
    "practices": Array [
      Object {
        "address": "3 Morning Point",
        "distance": 5714.6703205808135,
        "point": Object {
          "lat": 32.2084468,
          "long": 130.4001656,
        },
      },
      Object {
        "address": "545 Melody Court",
        "distance": 6125.20415917358,
        "point": Object {
          "lat": -32.1748082,
          "long": -64.1108167,
        },
      },
      Object {
        "address": "17059 Crescent Oaks Parkway",
        "distance": 7054.7880019777285,
        "point": Object {
          "lat": 10.2718373,
          "long": 123.8560043,
        },
      },
    ],
  },
  Object {
    "name": "Denver Naseby",
    "practices": Array [
      Object {
        "address": "5 Eagan Terrace",
        "distance": 5769.5132507678745,
        "point": Object {
          "lat": 51.07588,
          "long": 17.72244,
        },
      },
    ],
  },
  Object {
    "name": "Claresta Crole",
    "practices": Array [
      Object {
        "address": "1555 Redwing Lane",
        "distance": 5776.825297020814,
        "point": Object {
          "lat": 51.1644956,
          "long": 18.2903712,
        },
      },
      Object {
        "address": "9 Waywood Street",
        "distance": 7151.594981464373,
        "point": Object {
          "lat": 26.629211,
          "long": 101.266195,
        },
      },
      Object {
        "address": "17689 Lake View Trail",
        "distance": 8363.984709319791,
        "point": Object {
          "lat": -8.3765619,
          "long": 115.1918802,
        },
      },
      Object {
        "address": "25440 Steensland Junction",
        "distance": 8378.539972746039,
        "point": Object {
          "lat": "-8.5003",
          "long": "115.0188",
        },
      },
    ],
  },
  Object {
    "name": "Allene Roslen",
    "practices": Array [
      Object {
        "address": "2 Independence Way",
        "distance": 5783.946886422284,
        "point": Object {
          "lat": -26.850856,
          "long": -65.71065,
        },
      },
      Object {
        "address": "937 Declaration Circle",
        "distance": 6917.258369557073,
        "point": Object {
          "lat": 11.406883,
          "long": 125.550288,
        },
      },
    ],
  },
  Object {
    "name": "Cindy Bernhardi",
    "practices": Array [
      Object {
        "address": "8758 Nova Hill",
        "distance": 5842.891633270463,
        "point": Object {
          "lat": 56.1085807,
          "long": 44.4955531,
        },
      },
      Object {
        "address": "05 Sullivan Drive",
        "distance": 6462.104043695289,
        "point": Object {
          "lat": 29.696323,
          "long": 115.439898,
        },
      },
      Object {
        "address": "311 Park Meadow Trail",
        "distance": 8029.593139007361,
        "point": Object {
          "lat": "-8.59565",
          "long": "121.7252",
        },
      },
    ],
  },
  Object {
    "name": "Dicky Schild",
    "practices": Array [
      Object {
        "address": "26 Jenifer Parkway",
        "distance": 5875.673733767725,
        "point": Object {
          "lat": 50.0398933,
          "long": 19.7289065,
        },
      },
    ],
  },
  Object {
    "name": "Howie Hurne",
    "practices": Array [
      Object {
        "address": "8910 Heath Street",
        "distance": 5882.982984259415,
        "point": Object {
          "lat": 43.4945737,
          "long": 5.8978018,
        },
      },
      Object {
        "address": "37551 Westport Plaza",
        "distance": 7221.631270865117,
        "point": Object {
          "lat": 6.0593972,
          "long": 124.4870869,
        },
      },
      Object {
        "address": "20 Sheridan Circle",
        "distance": 7438.988512077263,
        "point": Object {
          "lat": 21.459233,
          "long": 101.564635,
        },
      },
    ],
  },
  Object {
    "name": "Bendix Kevlin",
    "practices": Array [
      Object {
        "address": "76 Katie Way",
        "distance": 5902.920575947387,
        "point": Object {
          "lat": 39.7927635,
          "long": 116.3582344,
        },
      },
      Object {
        "address": "361 Park Meadow Alley",
        "distance": 6371.313074002758,
        "point": Object {
          "lat": 37.066667,
          "long": 10.116667,
        },
      },
      Object {
        "address": "61049 Laurel Crossing",
        "distance": 6669.0663504755485,
        "point": Object {
          "lat": -37.9361202,
          "long": -57.5552203,
        },
      },
      Object {
        "address": "16 Blue Bill Park Court",
        "distance": 6959.683580865259,
        "point": Object {
          "lat": 22.69569,
          "long": 112.225334,
        },
      },
    ],
  },
  Object {
    "name": "Ajay Mertin",
    "practices": Array [
      Object {
        "address": "034 Duke Pass",
        "distance": 5906.044258196448,
        "point": Object {
          "lat": 55.1536343,
          "long": 72.6937323,
        },
      },
      Object {
        "address": "81 South Crossing",
        "distance": 6984.43763696652,
        "point": Object {
          "lat": 14.563178,
          "long": 121.033482,
        },
      },
    ],
  },
  Object {
    "name": "Cathryn Jerratsch",
    "practices": Array [
      Object {
        "address": "2310 Sutherland Park",
        "distance": 5932.606639849953,
        "point": Object {
          "lat": 49.5733006,
          "long": 21.0597432,
        },
      },
      Object {
        "address": "75 Manitowish Street",
        "distance": 7143.740661529271,
        "point": Object {
          "lat": 31.270415,
          "long": 92.290535,
        },
      },
    ],
  },
  Object {
    "name": "Ferrell Burnhams",
    "practices": Array [
      Object {
        "address": "4613 Muir Trail",
        "distance": 5947.378806171253,
        "point": Object {
          "lat": 49.6745448,
          "long": 22.0537208,
        },
      },
      Object {
        "address": "6890 Columbus Court",
        "distance": 6081.077254965115,
        "point": Object {
          "lat": 48.3424531,
          "long": 24.5753746,
        },
      },
      Object {
        "address": "48521 Tennessee Terrace",
        "distance": 6137.213719808166,
        "point": Object {
          "lat": 45.3663916,
          "long": 18.8926441,
        },
      },
      Object {
        "address": "8 Eagle Crest Court",
        "distance": 7042.4476710205245,
        "point": Object {
          "lat": 12.9978739,
          "long": 121.4181928,
        },
      },
      Object {
        "address": "4 Warner Alley",
        "distance": 7959.600351595301,
        "point": Object {
          "lat": 13.6119882,
          "long": 99.6118667,
        },
      },
    ],
  },
  Object {
    "name": "Robinett Romeo",
    "practices": Array [
      Object {
        "address": "091 Longview Pass",
        "distance": 5992.299862741032,
        "point": Object {
          "lat": 44.4645876,
          "long": 11.3727437,
        },
      },
    ],
  },
  Object {
    "name": "Diego MacShane",
    "practices": Array [
      Object {
        "address": "8 Dennis Parkway",
        "distance": 6031.656675359371,
        "point": Object {
          "lat": 30.5312657,
          "long": -7.9238785,
        },
      },
      Object {
        "address": "78 Roth Junction",
        "distance": 7458.968158214446,
        "point": Object {
          "lat": -3.5273652,
          "long": 128.2849463,
        },
      },
      Object {
        "address": "814 New Castle Avenue",
        "distance": 7903.926091003205,
        "point": Object {
          "lat": 13.9619203,
          "long": 100.5461093,
        },
      },
    ],
  },
  Object {
    "name": "Adrienne Cridland",
    "practices": Array [
      Object {
        "address": "7325 Ilene Avenue",
        "distance": 6046.967230421621,
        "point": Object {
          "lat": 37.029718,
          "long": 116.328206,
        },
      },
      Object {
        "address": "8325 Division Crossing",
        "distance": 7172.35423746762,
        "point": Object {
          "lat": "6.88333",
          "long": "124.7",
        },
      },
      Object {
        "address": "39 Lakewood Avenue",
        "distance": 7185.768630159471,
        "point": Object {
          "lat": 26.641315,
          "long": 100.222545,
        },
      },
      Object {
        "address": "08 Gateway Point",
        "distance": 8558.15064533465,
        "point": Object {
          "lat": 3.5951956,
          "long": 98.6722227,
        },
      },
      Object {
        "address": "4365 Nobel Parkway",
        "distance": 8726.796118006521,
        "point": Object {
          "lat": "-7.4435",
          "long": "107.2553",
        },
      },
    ],
  },
  Object {
    "name": "Dorita Arsnell",
    "practices": Array [
      Object {
        "address": "065 Maple Circle",
        "distance": 6062.695455569724,
        "point": Object {
          "lat": 45.5272739,
          "long": 16.2749715,
        },
      },
      Object {
        "address": "3 Rieder Avenue",
        "distance": 6122.140778111188,
        "point": Object {
          "lat": 36.854929,
          "long": 114.503339,
        },
      },
    ],
  },
  Object {
    "name": "Bar Bugdall",
    "practices": Array [
      Object {
        "address": "69 Kipling Road",
        "distance": 6080.449220016788,
        "point": Object {
          "lat": -31.3746109,
          "long": -64.1916038,
        },
      },
      Object {
        "address": "09 Waywood Street",
        "distance": 8481.279084359427,
        "point": Object {
          "lat": -6.7347875,
          "long": 111.4648515,
        },
      },
    ],
  },
  Object {
    "name": "Hew Pumphreys",
    "practices": Array [
      Object {
        "address": "7 Lake View Street",
        "distance": 6142.886000959595,
        "point": Object {
          "lat": 45.1810672,
          "long": 18.6692248,
        },
      },
      Object {
        "address": "644 Sachs Plaza",
        "distance": 6853.239215868198,
        "point": Object {
          "lat": 25.489383,
          "long": 111.160851,
        },
      },
      Object {
        "address": "7 American Pass",
        "distance": 7686.586316722466,
        "point": Object {
          "lat": 23.5585593,
          "long": 89.9041371,
        },
      },
      Object {
        "address": "69371 Corry Center",
        "distance": 7800.16946879814,
        "point": Object {
          "lat": 12.6256834,
          "long": 11.9804613,
        },
      },
      Object {
        "address": "0979 Dorton Trail",
        "distance": 8154.147626180102,
        "point": Object {
          "lat": -9.2759427,
          "long": 119.9357066,
        },
      },
    ],
  },
  Object {
    "name": "Maurita Daws",
    "practices": Array [
      Object {
        "address": "2965 Service Road",
        "distance": 6164.764165012208,
        "point": Object {
          "lat": -20.4207385,
          "long": -49.9648907,
        },
      },
      Object {
        "address": "36 North Crossing",
        "distance": 6286.315470757515,
        "point": Object {
          "lat": 47.660528,
          "long": 33.7205403,
        },
      },
      Object {
        "address": "959 Spohn Lane",
        "distance": 6953.1196320553845,
        "point": Object {
          "lat": 12.4957874,
          "long": -6.797592,
        },
      },
      Object {
        "address": "5751 Truax Drive",
        "distance": 6983.486158736528,
        "point": Object {
          "lat": 25.865243,
          "long": 107.220508,
        },
      },
      Object {
        "address": "139 Hallows Way",
        "distance": 7267.024379805379,
        "point": Object {
          "lat": 33.3992452,
          "long": 36.4553727,
        },
      },
    ],
  },
  Object {
    "name": "Selia Player",
    "practices": Array [
      Object {
        "address": "4554 7th Terrace",
        "distance": 6208.653086159121,
        "point": Object {
          "lat": 32.0467278,
          "long": 118.7864923,
        },
      },
      Object {
        "address": "114 Moulton Road",
        "distance": 6985.509899021303,
        "point": Object {
          "lat": 14.5570389,
          "long": 121.017148,
        },
      },
      Object {
        "address": "819 Cordelia Lane",
        "distance": 7367.591744653176,
        "point": Object {
          "lat": 20.3814569,
          "long": 105.1171246,
        },
      },
    ],
  },
  Object {
    "name": "Orsa Bispham",
    "practices": Array [
      Object {
        "address": "2521 Anhalt Park",
        "distance": 6231.225187019764,
        "point": Object {
          "lat": 30.5139542,
          "long": 120.1436675,
        },
      },
    ],
  },
  Object {
    "name": "Sadella Penniall",
    "practices": Array [
      Object {
        "address": "447 Browning Road",
        "distance": 6241.946805368349,
        "point": Object {
          "lat": 34.000317,
          "long": 115.319842,
        },
      },
      Object {
        "address": "64657 Graedel Parkway",
        "distance": 8190.01687695021,
        "point": Object {
          "lat": -8.509828,
          "long": 118.623299,
        },
      },
      Object {
        "address": "898 Esch Way",
        "distance": 8505.905325280248,
        "point": Object {
          "lat": -7.1765737,
          "long": 111.3828738,
        },
      },
    ],
  },
  Object {
    "name": "Randi Nutting",
    "practices": Array [
      Object {
        "address": "1305 Lakewood Terrace",
        "distance": 6276.828328282808,
        "point": Object {
          "lat": 28.582654,
          "long": 121.365123,
        },
      },
      Object {
        "address": "134 Utah Center",
        "distance": 6391.48452484503,
        "point": Object {
          "lat": 15.334879,
          "long": -15.474739,
        },
      },
      Object {
        "address": "6 Weeping Birch Drive",
        "distance": 6482.565650930856,
        "point": Object {
          "lat": 45.8029045,
          "long": 38.9986184,
        },
      },
      Object {
        "address": "6214 Commercial Plaza",
        "distance": 7735.821976046464,
        "point": Object {
          "lat": 17.4161103,
          "long": 99.7790227,
        },
      },
    ],
  },
  Object {
    "name": "Koressa Dutteridge",
    "practices": Array [
      Object {
        "address": "374 Kenwood Way",
        "distance": 6368.13790459164,
        "point": Object {
          "lat": 47.7314993,
          "long": 40.2098294,
        },
      },
    ],
  },
  Object {
    "name": "Bryn Kearley",
    "practices": Array [
      Object {
        "address": "1 Graceland Center",
        "distance": 6402.714250300378,
        "point": Object {
          "lat": 42.5909476,
          "long": 22.9834356,
        },
      },
      Object {
        "address": "30 Pankratz Drive",
        "distance": 6759.668170707396,
        "point": Object {
          "lat": 35.744798,
          "long": 96.4077358,
        },
      },
    ],
  },
  Object {
    "name": "Rebekkah Rief",
    "practices": Array [
      Object {
        "address": "666 Rockefeller Crossing",
        "distance": 6431.302316962069,
        "point": Object {
          "lat": 43.0756739,
          "long": 25.6171514,
        },
      },
      Object {
        "address": "84418 Annamark Trail",
        "distance": 8112.897156872123,
        "point": Object {
          "lat": 10.465258,
          "long": 16.7337841,
        },
      },
    ],
  },
  Object {
    "name": "Barbaraanne Mariner",
    "practices": Array [
      Object {
        "address": "9 Homewood Lane",
        "distance": 6435.289718135239,
        "point": Object {
          "lat": -20.0256695,
          "long": -44.0572964,
        },
      },
    ],
  },
  Object {
    "name": "Selby Danilovitch",
    "practices": Array [
      Object {
        "address": "3 Erie Terrace",
        "distance": 6481.431139499232,
        "point": Object {
          "lat": -34.8212065,
          "long": -58.4351387,
        },
      },
      Object {
        "address": "20 Warrior Way",
        "distance": 6520.032316518232,
        "point": Object {
          "lat": 27.330904,
          "long": 117.044081,
        },
      },
    ],
  },
  Object {
    "name": "Amalia Levine",
    "practices": Array [
      Object {
        "address": "9 Division Point",
        "distance": 6689.899297183559,
        "point": Object {
          "lat": 23.696329,
          "long": 117.433977,
        },
      },
    ],
  },
  Object {
    "name": "Paula Butterley",
    "practices": Array [
      Object {
        "address": "5785 Kipling Way",
        "distance": 6893.798345848711,
        "point": Object {
          "lat": 22.814704,
          "long": 113.672784,
        },
      },
    ],
  },
  Object {
    "name": "Solly Magne",
    "practices": Array [
      Object {
        "address": "87842 Stephen Center",
        "distance": 6907.824472000721,
        "point": Object {
          "lat": 23.2082857,
          "long": 112.8295654,
        },
      },
      Object {
        "address": "8457 Drewry Court",
        "distance": 7001.663250384743,
        "point": Object {
          "lat": 13.9293954,
          "long": 121.3228399,
        },
      },
    ],
  },
  Object {
    "name": "Wendie Revening",
    "practices": Array [
      Object {
        "address": "89217 Shoshone Terrace",
        "distance": 6917.118009090949,
        "point": Object {
          "lat": 13.2409585,
          "long": 123.7750159,
        },
      },
      Object {
        "address": "02575 Ramsey Way",
        "distance": 11165.334660142858,
        "point": Object {
          "lat": -20.1674203,
          "long": 57.7487911,
        },
      },
    ],
  },
  Object {
    "name": "Siusan Makinson",
    "practices": Array [
      Object {
        "address": "21715 Monument Road",
        "distance": 6938.348501372254,
        "point": Object {
          "lat": 39.9716709,
          "long": 44.5352163,
        },
      },
    ],
  },
  Object {
    "name": "Odelinda Galtone",
    "practices": Array [
      Object {
        "address": "430 Continental Court",
        "distance": 6989.359541388062,
        "point": Object {
          "lat": 14.5024732,
          "long": 120.9921722,
        },
      },
    ],
  },
  Object {
    "name": "Corette Aizlewood",
    "practices": Array [
      Object {
        "address": "1 Clarendon Trail",
        "distance": 7032.765479440901,
        "point": Object {
          "lat": 8.582235,
          "long": 125.892784,
        },
      },
    ],
  },
  Object {
    "name": "Georgine Grinyakin",
    "practices": Array [
      Object {
        "address": "60 New Castle Parkway",
        "distance": 7060.338503783496,
        "point": Object {
          "lat": 13.8188768,
          "long": 120.1990703,
        },
      },
      Object {
        "address": "3077 Sutherland Place",
        "distance": 7153.38222388176,
        "point": Object {
          "lat": 27.874615,
          "long": 98.993616,
        },
      },
    ],
  },
  Object {
    "name": "Heloise Wasselin",
    "practices": Array [
      Object {
        "address": "2700 Tony Terrace",
        "distance": 7135.39885632395,
        "point": Object {
          "lat": 22.635012,
          "long": 107.904186,
        },
      },
    ],
  },
  Object {
    "name": "Karel Le Breton De La Vieuville",
    "practices": Array [
      Object {
        "address": "0 Bowman Place",
        "distance": 7185.768630159471,
        "point": Object {
          "lat": 26.641315,
          "long": 100.222545,
        },
      },
      Object {
        "address": "93564 Union Lane",
        "distance": 8641.582312300505,
        "point": Object {
          "lat": -7.1282614,
          "long": 108.6591293,
        },
      },
    ],
  },
  Object {
    "name": "Diann Tremoille",
    "practices": Array [
      Object {
        "address": "718 Helena Trail",
        "distance": 7226.102853037539,
        "point": Object {
          "lat": 22.7615314,
          "long": 105.348246,
        },
      },
    ],
  },
  Object {
    "name": "Dougie Donovan",
    "practices": Array [
      Object {
        "address": "20 West Parkway",
        "distance": 7247.241232162739,
        "point": Object {
          "lat": 21.355574,
          "long": 106.8355372,
        },
      },
    ],
  },
  Object {
    "name": "Kessia Le Leu",
    "practices": Array [
      Object {
        "address": "6509 Jenifer Crossing",
        "distance": 7355.876079949223,
        "point": Object {
          "lat": 31.9100651,
          "long": 35.949099,
        },
      },
    ],
  },
  Object {
    "name": "Wayne Boutcher",
    "practices": Array [
      Object {
        "address": "20649 Sunnyside Park",
        "distance": 8001.892820785727,
        "point": Object {
          "lat": -8.639266,
          "long": 122.281829,
        },
      },
    ],
  },
  Object {
    "name": "August Simkin",
    "practices": Array [
      Object {
        "address": "0347 Corry Point",
        "distance": 8375.752820552476,
        "point": Object {
          "lat": -7.0428799,
          "long": 113.8019562,
        },
      },
    ],
  },
]
`;
